============================= test session starts =============================
platform win32 -- Python 3.13.2, pytest-8.3.5, pluggy-1.5.0 -- C:\Python313\python.exe
cachedir: .pytest_cache
rootdir: C:\Users\Bormotoon\VSCodeProjects\PyRobot
plugins: anyio-4.9.0, Faker-37.1.0
python : ERROR: not found: C:\Users\Bormotoon\VSCodeProj
ects\PyRobot\tests\test_functional.py::test_kumir_interp
reter
строка:1 знак:1
+ python -m pytest tests/test_functional.py::test_kumir_
interpreter -k  ...
+ ~~~~~~~~~~~~~~~~~~~~~~~~~~~~~~~~~~~~~~~~~~~~~~~~~~~~~~
~~~~~~~~~~~~~~~
    + CategoryInfo          : NotSpecified: (ERROR: not 
    foun...mir_interpreter:String) [], RemoteException
    + FullyQualifiedErrorId : NativeCommandError
 
(no match in any of [<Module test_functional.py>])

collecting ... collected 0 items

============================ no tests ran in 0.18s ============================
